node.exe :  ÔÜá Linting is 
disabled.
Au caractère C:\Program 
Files\nodejs\npx.ps1:29 : 3
+   & $NODE_EXE $NPX_CLI_JS 
$args
+   ~~~~~~~~~~~~~~~~~~~~~~~~
~~~~~
    + CategoryInfo          
    : NotSpecified: ( ÔÜá   
  Linting is disabled.:St   
 ring) [], RemoteExcepti    
on
    + FullyQualifiedErrorId 
    : NativeCommandError
 
   Ôû▓ Next.js 15.3.5
   - Environments: .env.local

   Creating an optimized production build ...
 Ô£ô Compiled successfully in 8.0s
   Skipping validation of types
   Collecting page data ...
 ÔÜá Using edge runtime on 
a page currently disables 
static generation for that 
page
   Generating static pages (0/19) ...
 ÔÜá Unsupported metadata 
viewport is configured in 
metadata export in 
/_not-found. Please move it 
to viewport export instead.
Read more: https://nextjs.or
g/docs/app/api-reference/fun
ctions/generate-viewport
 ÔÜá Unsupported metadata 
themeColor is configured in 
metadata export in 
/_not-found. Please move it 
to viewport export instead.
Read more: https://nextjs.or
g/docs/app/api-reference/fun
ctions/generate-viewport
   Generating static pages (4/19) 
 ÔÜá Unsupported metadata 
viewport is configured in 
metadata export in 
/payment-confirmation. 
Please move it to viewport 
export instead.
Read more: https://nextjs.or
g/docs/app/api-reference/fun
ctions/generate-viewport
 ÔÜá Unsupported metadata 
themeColor is configured in 
metadata export in 
/payment-confirmation. 
Please move it to viewport 
export instead.
Read more: https://nextjs.or
g/docs/app/api-reference/fun
ctions/generate-viewport
   Generating static pages (9/19) 
 ÔÜá Unsupported metadata 
viewport is configured in 
metadata export in /. 
Please move it to viewport 
export instead.
Read more: https://nextjs.or
g/docs/app/api-reference/fun
ctions/generate-viewport
 ÔÜá Unsupported metadata 
themeColor is configured in 
metadata export in /. 
Please move it to viewport 
export instead.
Read more: https://nextjs.or
g/docs/app/api-reference/fun
ctions/generate-viewport
 ÔÜá Unsupported metadata 
viewport is configured in 
metadata export in 
/small-wins. Please move it 
to viewport export instead.
Read more: https://nextjs.or
g/docs/app/api-reference/fun
ctions/generate-viewport
 ÔÜá Unsupported metadata 
themeColor is configured in 
metadata export in 
/small-wins. Please move it 
to viewport export instead.
Read more: https://nextjs.or
g/docs/app/api-reference/fun
ctions/generate-viewport
 ÔÜá Unsupported metadata 
viewport is configured in 
metadata export in 
/admin/dashboard. Please 
move it to viewport export 
instead.
Read more: https://nextjs.or
g/docs/app/api-reference/fun
ctions/generate-viewport
 ÔÜá Unsupported metadata 
themeColor is configured in 
metadata export in 
/admin/dashboard. Please 
move it to viewport export 
instead.
Read more: https://nextjs.or
g/docs/app/api-reference/fun
ctions/generate-viewport
 ÔÜá Unsupported metadata 
viewport is configured in 
metadata export in 
/thank-you/glow-plus. 
Please move it to viewport 
export instead.
Read more: https://nextjs.or
g/docs/app/api-reference/fun
ctions/generate-viewport
 ÔÜá Unsupported metadata 
themeColor is configured in 
metadata export in 
/thank-you/glow-plus. 
Please move it to viewport 
export instead.
Read more: https://nextjs.or
g/docs/app/api-reference/fun
ctions/generate-viewport
 ÔÜá Unsupported metadata 
viewport is configured in 
metadata export in 
/thank-you/glow-start. 
Please move it to viewport 
export instead.
Read more: https://nextjs.or
g/docs/app/api-reference/fun
ctions/generate-viewport
 ÔÜá Unsupported metadata 
themeColor is configured in 
metadata export in 
/thank-you/glow-start. 
Please move it to viewport 
export instead.
Read more: https://nextjs.or
g/docs/app/api-reference/fun
ctions/generate-viewport
   Generating static pages (14/19) 
 Ô£ô Generating static pages (19/19)
   Finalizing page optimization ...
   Collecting build traces ...
